==============================================================================
=== cell 3
==============================================================================
 t      g          m            v      m_hat      v_hat         step          w
 1   0.50   0.050000   0.00025000   0.500000 0.25000000    -0.001000   0.999000
 2   0.40   0.085000   0.00040975   0.447368 0.20497749    -0.000988   0.998012
 3   0.60   0.136500   0.00076934   0.503690 0.25670337    -0.000994   0.997018
 4   0.45   0.167850   0.00097107   0.488078 0.24313218    -0.000990   0.996028
 5   0.55   0.206065   0.00127260   0.503199 0.25502952    -0.000996   0.995031

==============================================================================
=== cell 4
==============================================================================
 t       hand w     lesson w     |diff|
 1     0.999000     0.999000   2.00e-11
 2     0.998012     0.998012   1.26e-07
 3     0.997018     0.997018   2.66e-07
 4     0.996028     0.996028   1.13e-07
 5     0.995031     0.995031   4.63e-07

max |hand - lesson| over 5 steps = 4.63e-07

==============================================================================
=== cell 5
==============================================================================
 t         hand w        torch w     |diff|
 1   0.9990000000   0.9990000000   0.00e+00
 2   0.9980118742   0.9980118742   0.00e+00
 3   0.9970177342   0.9970177342   0.00e+00
 4   0.9960278875   0.9960278875   0.00e+00
 5   0.9950314628   0.9950314628   0.00e+00

max |hand - torch| over 5 steps = 0.00e+00

==============================================================================
=== cell 6
==============================================================================
wrote results.json
