==============================================================================
=== cell 1
==============================================================================
assets: ['corpus_en.txt', 'corpus_mr.txt', 'shift_curves.png', 'tokenizer.json', 'two_head_curves.png']

==============================================================================
=== cell 2
==============================================================================
torch 2.13.0+cpu · device cpu

==============================================================================
=== cell 4
==============================================================================
V = 10,000   D = 256   layers = 4   heads = 4
T = 256   B = 8   pad filler id = 0 ([UNK])
tokenizer round-trip: 'The quick brown fox. मराठी भाषा छान आहे.'
sample tokens: ['▁The', '▁', 'qu', 'ick', '▁b', 'rown', '▁f', 'ox', '.', '▁मराठी', '▁भाषा', '▁छ', 'ान', '▁आहे.']

==============================================================================
=== cell 6
==============================================================================
en: 117,186 tokens
mr: 18,229 tokens
batch shape: torch.Size([8, 256])

==============================================================================
=== cell 8
==============================================================================
trunk: 5,773,568 params    head: 2,560,000 params    head is 30.7% of the model

==============================================================================
=== cell 10
==============================================================================
tokens          (8, 256)              B = batch of independent sequences · T = position in the sequence
hidden          (8, 256, 256)         B · T · D = the residual-stream width, one vector per position
head.weight     (10000, 256)          V = one row per vocabulary entry · D, so z = h · W_vocabᵀ
logits          (8, 256, 10000)       B · T · V = one unnormalised score per vocabulary entry, per position
logits[:, :-1]  (8, 255, 10000)       B · T-1 · V = drop the last position: it has no next token to predict
tokens[:, 1:]   (8, 255)              B · T-1 = the answer for each prediction, shifted one step left
flat logits     (2040, 10000)         N = B·(T-1) predictions, flattened · V
flat targets    (2040,)               N = one correct token id per prediction

B=8  T=256  D=256  V=10,000  N=2,040
logits tensor: 78.1 MiB at this proxy size
  ... the same [B,T,V] tensor at V=131,072 would be 1.0 GiB in fp32

==============================================================================
=== cell 12
==============================================================================
input → target
 pos  input token            target token            (target = next input?)
   0  'ity'                  '▁in'                   ok
   1  '▁in'                  '▁India")'              ok
   2  '▁India")'             '▁-'                    ok
   3  '▁-'                   '▁[Y'                   ok
   4  '▁[Y'                  'outh'                  ok
   5  'outh'                 '](https://en.wikipedia.org/wiki/'  ok
   6  '](https://en.wikipedia.org/wiki/' 'Y'                     ok
   7  'Y'                    'outh'                  ok
   8  'outh'                 '_in_India'             ok
   9  '_in_India'            '▁"'                    ok
  10  '▁"'                   'Y'                     ok
  11  'Y'                    'outh'                  ok
  12  'outh'                 '▁in'                   ok
  13  '▁in'                  '▁India")'              ok

  input  text: 'ity in India") - [Youth](https://en.wikipedia.org/wiki/Youth_in_India "Youth in'
  target text: 'in India") - [Youth](https://en.wikipedia.org/wiki/Youth_in_India "Youth in India")'

✓ target[i] == input[i+1] holds for all 2,040 (sequence, position) pairs in the batch

==============================================================================
=== cell 14
==============================================================================
  correct   step    0  loss  9.2630  ppl   10,540.2
  correct   step   20  loss  8.2960  ppl    4,008.0
  correct   step   40  loss  7.8769  ppl    2,635.6
  correct   step   60  loss  7.4202  ppl    1,669.4
  correct   step   80  loss  7.7067  ppl    2,223.2
  correct   step  100  loss  7.3634  ppl    1,577.2
  correct   step  120  loss  7.4150  ppl    1,660.7

  no_shift  step    0  loss  9.2566  ppl   10,473.4
  no_shift  step   20  loss  8.2159  ppl    3,699.4
  no_shift  step   40  loss  7.3398  ppl    1,540.4
  no_shift  step   60  loss  5.8012  ppl      330.7
  no_shift  step   80  loss  4.9581  ppl      142.3
  no_shift  step  100  loss  3.7597  ppl       42.9
  no_shift  step  120  loss  3.1509  ppl       23.4

  reversed  step    0  loss  9.2638  ppl   10,549.0
  reversed  step   20  loss  8.2925  ppl    3,993.7
  reversed  step   40  loss  7.8717  ppl    2,622.0
  reversed  step   60  loss  7.4089  ppl    1,650.5
  reversed  step   80  loss  7.6671  ppl    2,136.9
  reversed  step  100  loss  7.0155  ppl    1,113.7
  reversed  step  120  loss  6.2345  ppl      510.0


==============================================================================
=== cell 15
==============================================================================
final loss after 120 steps
  correct    7.4150 nats   perplexity   1,660.65
  no_shift   3.1509 nats   perplexity      23.36
  reversed   6.2345 nats   perplexity     510.02

At the same step, on the same data, with the same seed: no_shift reports a perplexity
71x lower than the correct objective, and reversed 3x lower.
On a loss curve alone, both look like the better run.

==============================================================================
=== cell 17
==============================================================================
 pos  input              no_shift top-1     correct top-1     
   0  '-'                '-'                ','               
   1  'high'             '▁m'               ','               
   2  'er-'              '▁"C'              ','               
   3  'than'             'in'               ','               
   4  '-f'               '](https://en.wikipedia.org/wiki/P' ','               
   5  'di'               'di'               ','               
   6  '-f'               'p'                ','               
   7  'low'              'low'              ','               
   8  's/'               's/'               ','               
   9  'articles'         'e'                ','               

no_shift model reproduces its own input 80.5% of the time — it is a copier, not a language model.
Its loss curve never said so. The strings did.

(The correct model is still early in training and mostly predicts a frequent token —
 a boring answer to a genuinely hard question, which is the honest place to be at step 120.)

==============================================================================
=== cell 19
==============================================================================
sequence lengths in the batch: [96, 64, 128, 40, 112, 80, 128, 56]  (padded to T=128)

  positions in logits[:, :-1]             1,016
  contributing WITHOUT masking            1,016   <- every pad counted
  contributing WITH masking                 696   <- real next-token pairs only
  padding positions silently trained        320 (31.5% of the batch)

==============================================================================
=== cell 20
==============================================================================
training a model on padded batches with the padding LEFT UNMASKED (the bug in its natural habitat)...

  denominator recovered from PyTorch        696   (matches the mask)

model                                    unmasked     masked   difference
untrained                                  9.1485     9.2351      +0.0866
trained on clean text (§1b)                8.8483     7.3816      -1.4667
trained on padding, unmasked               5.2490     7.6052      +2.3562

Read the third row. That model reports an unmasked loss of 5.2490 nats, but its actual
language-modelling loss is 7.6052 — it is 2.36 nats better on paper than
it is in fact, because 31% of its exam is predicting [UNK] after [UNK].

The first two rows show why the bug is hard to catch. Untrained, masking moves the loss
by +0.0866 nats — nothing, because nothing is predictable yet. And a model that
never trained on padding goes the OTHER way (-1.4667 nats), because to it a pad is a rare,
out-of-distribution token rather than a freebie.

So the sign of the error is not the lesson. The lesson is that the unmasked number is not
the quantity you think it is, in either direction, and the denominator is wrong in both:
1,016 instead of 696.

==============================================================================
=== cell 22
==============================================================================
the packed boundary, in strings:
  end of doc A (en) : ...'\n\nThe term *[Bharat](https://en.wikipedia.org/wiki/Names_for_India'
  start of doc B (mr): 'रीच राजकीय स्थित्यंतरे झाली'...

  the model is asked: given '_India', predict 'री'
  nothing in document A can support that prediction. It is not a hard example; it is a
  wrong one.

  positions: 255 unmasked, 254 masked

                              unmasked      masked    boundary  other posns
untrained model                 9.2979      9.2986      9.1055       9.2986
trained 120 steps (§1b)         9.9516      9.9425     12.2722       9.9425

  trained: the boundary position costs +2.3297 nats more than the average position
  untrained: it costs -0.1932 nats — indistinguishable, because nothing is predictable yet

Why the difference in the mean is small and it matters anyway:
  one position out of 255 moves the mean by ~1/255 of its own excess, so masking it
  changes the reported loss by only -0.0091 nats. The damage is not to
  this number. It is that the gradient at that position is real, and it teaches the model
  a cross-document transition that does not exist in the data — and there is one such
  position per packed document, for the whole of pre-training.

  Note the mechanism: masking removes the position from BOTH the numerator and the
  denominator. Zeroing its loss instead would remove it only from the numerator and
  quietly bias the mean downward — a second bug wearing the first one's clothes.

==============================================================================
=== cell 24
==============================================================================
measured over 16,320 tokens from an untrained model
  loss        9.2567 nats
  perplexity  10,474.1

  predicted   ln V = ln(10,000) = 9.2103 nats,  perplexity 10,000
  deviation   +0.0463 nats  (+4.74% on perplexity)
  ✓ sits at vocabulary size — harness is sane

for comparison, the trained-for-120-steps 'correct' model above: 7.4150 nats, perplexity 1,660.7
real-config anchor (NOT measured here): ln(131,072) = 11.7835 nats, perplexity 131,072

==============================================================================
=== cell 26
==============================================================================

THIS NOTEBOOK'S PROXY   (V = 10,000, D = 256)
  input embedding [V, D]              2,560,000
  output head     [V, D]              2,560,000
  UNTIED: both matrices               5,120,000
  TIED:   one matrix, used twice      2,560,000
  saved by tying                      2,560,000   (50.0%)
  head alone, fp32                          9.8 MiB
  untied model total                  8,333,568
  tied   model total                  5,773,568

V5 REAL CONFIGURATION (analytic, not run here)   (V = 131,072, D = 4,096)
  input embedding [V, D]            536,870,912
  output head     [V, D]            536,870,912
  UNTIED: both matrices           1,073,741,824
  TIED:   one matrix, used twice    536,870,912
  saved by tying                    536,870,912   (50.0%)
  head alone, fp32                      2,048.0 MiB

✓ counted from the live modules, not from the formula: head 2,560,000, embedding 2,560,000

At the real configuration the head alone is 536.9M parameters — 2.00 GiB in fp32.
That is the same dense table Session 7's byte codec removed from the input side, reappearing at the output.

==============================================================================
=== cell 29
==============================================================================
N = 4,088 rows (B=8 x T-1=511)   V = 10,000   D = 256   chunk = 512 rows (8 blocks)
full logits tensor would be 155.9 MiB in fp32

==============================================================================
=== cell 30
==============================================================================
loss  ordinary 9.2603998   chunked 9.2604008   |delta| 9.54e-07
grad wrt head weight : max |delta| 7.45e-09   allclose True
grad wrt hidden state: max |delta| 9.09e-13   allclose True

✓ same objective, same gradients — the chunked version is an implementation, not an approximation.

==============================================================================
=== cell 31
==============================================================================
                                        ordinary       chunked     ratio
retained for backward (MiB)               169.73          4.02     42.2x
  tensors held                                 5             3          
peak process memory (MiB)                  467.2          38.4     12.2x

what the ordinary path is holding:
   (4088, 10000)         155.94 MiB
   (256, 10000)            9.77 MiB
   (4088, 256)             3.99 MiB
what the chunked path is holding:
   (512, 256)              3.99 MiB
   (512,)                  0.03 MiB
   ()                      0.00 MiB

The [N, V] term is gone. What is left is [N, D] — and D/V = 256/10,000 = 1/39, which is where the ratio comes from.

==============================================================================
=== cell 33
==============================================================================
  B=1, T= 65,536, V=131,072, bf16  ->     16 GiB retained for backward
  B=1, T=262,144, V=131,072, bf16  ->     64 GiB retained for backward

  measured here (B=8, T=512, V=10,000, fp32) ->  169.7 MiB
  the same batch chunked at 512 rows                     ->  4.0 MiB  (42.2x less)

The head's 536.9M parameters are 2.1 GiB and they are fixed. The logits tensor is not
fixed — it scales with batch AND context, which is why it, not the parameter count, is
what actually decides whether a long-context step fits in memory.

==============================================================================
=== cell 35
==============================================================================
shapes
  hidden              (2, 256, 256)      shared by both heads — one trunk, two readers
  head1 logits        (2, 256, 10000)
  head2 logits        (2, 256, 10000)
  head1 predictions   (2, 255, 10000)  vs targets (2, 255)
  head2 predictions   (2, 254, 10000)  vs targets (2, 254)

verifying head 2's shift with strings, same as §1b:
 pos  input                head1 target (t+1)     head2 target (t+2)    
   0  's'                  'k'                    'y,'                  
   1  'k'                  'y,'                   '▁E'                  
   2  'y,'                 '▁E'                   'm'                   
   3  '▁E'                 'm'                    'ily'                 
   4  'm'                  'ily'                  '▁J'                  
   5  'ily'                '▁J'                   '.;'                  
   6  '▁J'                 '.;'                   '▁W'                  
   7  '.;'                 '▁W'                   'e'                   

✓ head 2's target is the token two steps ahead, at every position

==============================================================================
=== cell 36
==============================================================================
 step   head1 (t+1)   head2 (t+2)        sum      gap       ppl1       ppl2
    0        9.2630        9.2733    18.5362  +0.0103   10,540.2   10,649.3
   25        8.0769        8.1220    16.1989  +0.0451    3,219.2    3,367.7
   50        7.6193        7.6246    15.2439  +0.0053    2,037.2    2,048.0
   75        7.5358        7.5360    15.0718  +0.0002    1,874.0    1,874.4
  100        7.4024        7.4046    14.8070  +0.0022    1,639.9    1,643.5
  125        7.3637        7.3691    14.7328  +0.0054    1,577.6    1,586.2
  150        7.1932        7.2258    14.4189  +0.0326    1,330.3    1,374.4
  175        7.3569        7.4059    14.7628  +0.0490    1,567.0    1,645.7
  200        7.1617        7.2365    14.3982  +0.0748    1,289.1    1,389.3
  225        6.9081        7.0098    13.9179  +0.1017    1,000.4    1,107.4
  250        6.7871        6.9499    13.7369  +0.1628      886.3    1,043.0
  275        6.8176        7.0221    13.8396  +0.2045      913.8    1,121.1
  300        6.3949        6.6528    13.0477  +0.2579      598.8      774.9

==============================================================================
=== cell 37
==============================================================================
==============================================================
PART 2 — final numbers
==============================================================
  head 1 loss  (predicts t+1)   6.3949 nats   perplexity     598.78
  head 2 loss  (predicts t+2)   6.6528 nats   perplexity     774.93
  sum (the quantity optimised)  13.0477 nats
  gap  (head2 - head1)          +0.2579 nats

  at step 0:  head1 9.2630   head2 9.2733   gap +0.0103
  ln V anchor: 9.2103 — both heads start there, as they must

  mean gap over the first 25 steps  +0.0193 nats
  mean gap over the last  25 steps  +0.2228 nats
  the gap widened by 0.2035 nats

saved assets/two_head_curves.png

==============================================================================
=== cell 40
==============================================================================
autograd matches softmax(z) - onehot(y):  True
row sums of the gradient:                 4.172e-07  (zero)
non-zero entries per row:                 10,000 of 10,000

Every row of the [V, D] head receives gradient from every token in the batch. That is why
the head is a second memory problem and not just a second parameter count: the update is
as wide as the vocabulary, every step.

==============================================================================
=== cell 42
==============================================================================
wrote results.json

PART 1                                      
  1a  logits tensor                          78.1 MiB [B=8, T=256, V=10,000]
  1b  correct / no_shift / reversed loss     7.415 / 3.151 / 6.234 nats
  1c  contributing tokens, unmasked->masked  1,016 -> 696 (pad-trained model: loss 5.2490 -> 7.6052 nats)
  1d  packed loss, unmasked->masked          9.9516 -> 9.9425 nats (trained)
  1e  untrained loss / perplexity            9.2567 nats / 10,474  (V = 10,000)
  1f  head params, untied->tied              5,120,000 -> 2,560,000
  1g  retained bytes, ordinary vs chunked    169.7 vs 4.0 MiB (42.2x)

PART 2                                      
  head 1 (t+1) / head 2 (t+2) / sum          6.3949 / 6.6528 / 13.0477 nats
