==============================================================================
=== cell 1
==============================================================================
{
  "device": "cuda",
  "torch": "2.5.1+cu121",
  "smoke": false,
  "python": "3.10.12",
  "gpu": "Tesla T4",
  "gpu_mem_gib": 14.56,
  "sm": "75"
}

This card has no bfloat16 (sm_75). Every run below uses float16 autocast with a GradScaler, and keeps the residual stream itself in float32.
293,029 training stories, 27,629 validation stories
vocab 8192  sample: ['Once', 'Ġupon', 'Ġa', 'Ġtime', ',', 'Ġa', 'Ġlittle', 'Ġdog']
encoded in 3s: 55.23M train tokens, 5.42M validation tokens
parameters: 21.18M total (tied embeddings), 18.95M in the transformer blocks, 2.10M token embedding, 0.13M positions

re-using the main run's settings: batch 72, 21,182,976 parameters, 50,000,000 tokens, lr 0.001

==============================================================================
=== cell 3
==============================================================================
  baseline_seed2         step     1/1357  train 9.046  val 8.716  lr 2.50e-05
  baseline_seed2         step   151/1357  train 3.684  val 3.638  lr 9.85e-04
  baseline_seed2         step   302/1357  train 2.993  val 2.924  lr 9.16e-04
  baseline_seed2         step   453/1357  train 2.589  val 2.519  lr 8.00e-04
  baseline_seed2         step   603/1357  train 2.357  val 2.266  lr 6.53e-04
  baseline_seed2         step   754/1357  train 2.056  val 2.102  lr 4.92e-04
  baseline_seed2         step   905/1357  train 2.013  val 1.992  lr 3.38e-04
  baseline_seed2         step  1055/1357  train 1.945  val 1.915  lr 2.13e-04
  baseline_seed2         step  1206/1357  train 1.863  val 1.865  lr 1.29e-04
  baseline_seed2         step  1357/1357  train 1.879  val 1.833  lr 1.00e-04
  → baseline_seed2: val 1.8332, 59.3K tok/s, peak 11.34 GiB, 14.6 min

==============================================================================
=== cell 4
==============================================================================
  leapfrog_seed2         step     1/1357  train 9.036  val 8.810  lr 2.50e-05
  leapfrog_seed2         step   151/1357  train 3.364  val 3.325  lr 9.85e-04
  leapfrog_seed2         step   302/1357  train 2.711  val 2.636  lr 9.16e-04
  leapfrog_seed2         step   453/1357  train 2.373  val 2.306  lr 8.00e-04
  leapfrog_seed2         step   603/1357  train 2.186  val 2.109  lr 6.53e-04
  leapfrog_seed2         step   754/1357  train 1.939  val 1.984  lr 4.92e-04
  leapfrog_seed2         step   905/1357  train 1.916  val 1.892  lr 3.38e-04
  leapfrog_seed2         step  1055/1357  train 1.859  val 1.828  lr 2.13e-04
  leapfrog_seed2         step  1206/1357  train 1.780  val 1.785  lr 1.29e-04
  leapfrog_seed2         step  1357/1357  train 1.801  val 1.760  lr 1.00e-04
  → leapfrog_seed2: val 1.7603, 34.8K tok/s, peak 3.72 GiB, 24.5 min

==============================================================================
=== cell 6
==============================================================================
                    baseline  leapfrog  leapfrog − baseline
seed 1 (main run)     1.8289    1.7664              -0.0625
seed 2                1.8332    1.7603              -0.0729

seed-to-seed change in the baseline alone: 0.0043
seed-to-seed change in leapfrog alone:     0.0061
leapfrog − baseline, per seed:           -0.0625, -0.0729

gap at each of the 10 evaluations (leapfrog − baseline):
  seed 1: +0.117 -0.328 -0.259 -0.173 -0.126 -0.104 -0.084 -0.075 -0.067 -0.063
  seed 2: +0.095 -0.314 -0.288 -0.213 -0.158 -0.119 -0.100 -0.087 -0.081 -0.073

leapfrog lower than baseline in both seeds: True

==============================================================================
=== cell 9
==============================================================================
===RESULTS-JSON-BEGIN===
{"seed2": {"init": 2025, "order": 2026, "baseline": {"name": "baseline_seed2", "rule": "standard", "batch": 72, "lr": 0.001, "steps": 1357, "tokens_trained": 50024448, "final_val_loss": 1.8332179076969624, "final_train_loss": 1.8487118126741096, "tokens_per_s": 59297.46851901791, "wall_s": 874.260044674, "wall_min": 14.571000744566668, "cost_usd": 0.20107981027502, "finite": true, "peak_alloc_gib": 11.340500354766846, "peak_reserved_gib": 11.986328125}, "leapfrog": {"name": "leapfrog_seed2", "rule": "leapfrog", "batch": 72, "lr": 0.001, "steps": 1357, "tokens_trained": 50024448, "final_val_loss": 1.760275911539793, "final_train_loss": 1.7730307507870802, "tokens_per_s": 34770.40259463634, "wall_s": 1472.0650973680001, "wall_min": 24.534418289466668, "cost_usd": 0.33857497239464, "finite": true, "peak_alloc_gib": 3.7203831672668457, "peak_reserved_gib": 4.470703125}, "delta": -0.07294199615716934, "gaps": [0.0946265459060669, -0.31366725265979767, -0.28784847259521484, -0.2133888229727745, -0.15774548053741455, -0.11879309639334679, -0.10013337805867195, -0.08732895180583, -0.08053940907120705, -0.07294199615716934]}, "seed1": {"init": 1234, "order": 1337, "delta": -0.06252815946936607, "gaps": [0.11720183491706848, -0.32776541262865067, -0.2591932564973831, -0.17255672812461853, -0.12594148516654968, -0.1039540097117424, -0.08419973403215408, -0.07467417791485786, -0.06651323288679123, -0.06252815946936607]}, "baseline_spread": 0.004334557801485062, "leapfrog_spread": 0.006079278886318207, "mean_delta": -0.06773507781326771, "both_lower": true, "runtime_min": 39.30956802031667}
===RESULTS-JSON-END===
seed notebook runtime 39.3 min
